[inspirastem.com/index.html]
[backblue.gif]
[fade.gif]
[index.html]
[inspirastem.com/wp-json/oembed/1.0/embed15bb.json]
[inspirastem.com/wp-json/oembed/1.0/embed3672]
[inspirastem.com/wp-content/themes/uttama/fonts/Rubik.woff2]
[inspirastem.com/feed/index.html]
[inspirastem.com/comments/feed/index.html]
[inspirastem.com/wp-includes/js/jquery/jquery.minf43b.js]
[inspirastem.com/wp-includes/js/jquery/jquery-migrate.min5589.js]
[inspirastem.com/wp-json/wp/v2/pages/592.json]
[inspirastem.com/wp-json/index.html]
[inspirastem.com/xmlrpc0db0.php]
[inspirastem.com/wp-content/uploads/2024/08/Logo-3.png]
[inspirastem.com/wp-content/uploads/2025/10/fotowebsite-1024x683.jpg]
[inspirastem.com/bioquimica/index.html]
[inspirastem.com/equipo-2/index.html]
[inspirastem.com/astrofisica/index.html]
[inspirastem.com/wp-content/uploads/elementor/thumbs/icono-aeronautica-01-1-rfj5ui6t9uyefdt1hgkng838mdry2ymrfrxa06y220.png]
[inspirastem.com/redes-electricas/index.html]
[inspirastem.com/ciencias-marinas/index.html]
[inspirastem.com/aeronautica/index.html]
[inspirastem.com/biologia-molecular/index.html]
[inspirastem.com/wp-content/uploads/elementor/thumbs/icono-astrofisica-01-rfj5w0pga9114rlun450gubz2qb8hen6z9rfu8p814.png]
[inspirastem.com/andrea-herrera/index.html]
[inspirastem.com/saul-j-flores/index.html]
[inspirastem.com/rafael-salazar/index.html]
[inspirastem.com/patricia-ortiz/index.html]
[inspirastem.com/wp-content/uploads/elementor/thumbs/icono-redes-electricas-01-rfj65jsjks2oufrhzqfu8xr7wdc7ixh7yfvo08kiy0.png]
[inspirastem.com/francisco-elaya/index.html]
[inspirastem.com/patricia-ortiz-2/index.html]
[inspirastem.com/michael-sanchez/index.html]
[inspirastem.com/pasantias/index.html]
[inspirastem.com/wp-content/uploads/elementor/thumbs/icono3-qrzduv73k4llyndthcnxjsqsj90wjktruh287fi86g.png]
[inspirastem.com/galeria-2025-2/index.html]
[inspirastem.com/agenda/index.html]
[inspirastem.com/biologia-2025/index.html]
[inspirastem.com/track-ciencia-computacional-y-analisis-de-datos/index.html]
[inspirastem.com/wp-content/uploads/elementor/thumbs/icono-bioquimica-01-rfj61akums8y9zy1ue7ngif32kbdo9kz1djis4vp48.png]
[inspirastem.com/wp-content/uploads/elementor/thumbs/icono-biologia-marina-01-rfj5xui5knj3pgy9ywkwbdq8npaxg7wekbffflznxk.png]
[inspirastem.com/erick-urquilla/index.html]
[inspirastem.com/wilber-alexander-alvarado/index.html]
[inspirastem.com/posters/index.html]
[inspirastem.com/track-biologia/index.html]
[inspirastem.com/wp-content/uploads/2025/12/ecop_logo-scaled.png]
[inspirastem.com/wp-content/uploads/2025/10/NRAO_logo.png]
[inspirastem.com/wp-content/uploads/2025/10/university-of-dundee-seeklogo.png]
[inspirastem.com/wp-content/uploads/2025/10/Tennessee_logo-1.png]
[inspirastem.com/wp-content/uploads/2026/03/kms-1024x531.jpg]
[inspirastem.com/wp-content/uploads/2025/12/Ae-Patty-Ortiz1-819x1024.jpg]
[inspirastem.com/wp-content/uploads/2025/12/BM-Andrea-Herrera1-819x1024.jpg]
[inspirastem.com/wp-content/uploads/2025/12/E-Francisco-Zelaya1-819x1024.jpg]
[inspirastem.com/wp-content/uploads/2025/12/G-Rafael-Salazar1-819x1024.jpg]
[inspirastem.com/wp-content/uploads/2025/12/BQ-Saul-Flores1-819x1024.jpg]
[inspirastem.com/wp-content/uploads/2025/12/As-Michael-Sanchez1-819x1024.jpg]
[inspirastem.com/wp-content/uploads/2025/12/WhatsApp-Image-2025-12-10-at-16.54.25-819x1024.jpg]
[inspirastem.com/wp-includes/js/dist/dom-ready.min379d.js]
[inspirastem.com/wp-content/plugins/astra-sites/inc/lib/onboarding/assets/dist/template-preview/maina11c.js]
[inspirastem.com/wp-content/themes/martanda/js/back-to-top.minc358.js]
[inspirastem.com/wp-content/plugins/elementor/assets/js/webpack.runtime.min631d.js]
[inspirastem.com/wp-content/plugins/elementor/assets/js/frontend-modules.min631d.js]
[inspirastem.com/wp-includes/js/jquery/ui/core.minb37e.js]
[inspirastem.com/wp-content/plugins/elementor/assets/js/frontend.min631d.js]
[inspirastem.com/wp-includes/js/hoverIntent.min3e5a.js]
[inspirastem.com/wp-content/plugins/megamenu/js/maxmegamenuef85.js]
[inspirastem.com/index.html]
[inspirastem.com/wp-content/uploads/useanyfont/8873NTBrickSans.woff2]
[inspirastem.com/wp-content/uploads/useanyfont/8873NTBrickSans.woff]
[inspirastem.com/wp-content/uploads/useanyfont/uaf2879.css]
[inspirastem.com/wp-content/uploads/maxmegamenu/style32b5.css]
[inspirastem.com/wp-includes/fonts/dashicons7d4b.eot]
[inspirastem.com/wp-includes/fonts/dashicons7d4b.ttf]
[inspirastem.com/wp-includes/css/dashicons.min42a0.css]
[inspirastem.com/wp-includes/css/dist/block-library/style.min42a0.css]
[inspirastem.com/wp-content/themes/martanda/style.minc358.css]
[inspirastem.com/wp-content/themes/uttama/style70e1.css]
[inspirastem.com/wp-content/plugins/elementor/assets/css/frontend.min631d.css]
[inspirastem.com/wp-content/uploads/elementor/css/post-9220fc2.css]
[inspirastem.com/wp-content/plugins/elementor/assets/css/widget-divider.min631d.css]
[inspirastem.com/wp-content/plugins/elementor/assets/css/widget-image.min631d.css]
[inspirastem.com/wp-content/plugins/elementor/assets/css/widget-spacer.min631d.css]
[inspirastem.com/wp-content/plugins/elementor/assets/css/widget-heading.min631d.css]
[inspirastem.com/wp-content/plugins/elementor/assets/lib/animations/styles/bounceIn.min631d.css]
[inspirastem.com/wp-content/plugins/elementor/assets/css/widget-menu-anchor.min631d.css]
[inspirastem.com/wp-content/plugins/elementor/assets/css/widget-video.min631d.css]
[inspirastem.com/wp-content/plugins/elementor/assets/css/widget-nested-accordion.min631d.css]
[inspirastem.com/wp-content/uploads/elementor/css/post-5924c7b.css]
[inspirastem.com/wp-json/oembed/1.0/embed3175.json]
[inspirastem.com/wp-json/oembed/1.0/embed3c4e]
[inspirastem.com/wp-content/uploads/2025/12/Fernanda.jpg]
[inspirastem.com/wp-json/wp/v2/pages/2987.json]
[inspirastem.com/wp-content/uploads/2025/12/Miguel.jpg]
[inspirastem.com/index3ae6.html]
[inspirastem.com/wp-content/uploads/2025/12/erick.jpg]
[inspirastem.com/wp-content/uploads/2025/12/Jessica-Altschul.jpg]
[inspirastem.com/wp-content/uploads/2025/12/Alex.webp]
[inspirastem.com/wp-content/uploads/2025/12/headshot_DavidP-1-scaled.jpg]
[inspirastem.com/wp-content/uploads/2025/12/juan_h1-1-1.jpg]
[inspirastem.com/wp-content/uploads/2025/12/Alexandra.jpg]
[inspirastem.com/wp-content/uploads/2025/12/oscar_melendez.jpg]
[inspirastem.com/wp-content/uploads/2025/12/alexis.jpg]
[inspirastem.com/wp-content/uploads/2025/12/camila-scaled.jpg]
[inspirastem.com/wp-content/uploads/2025/12/olga.jpg]
[inspirastem.com/wp-content/uploads/2025/12/monica.jpg]
[inspirastem.com/wp-content/uploads/2025/12/oscar_tejada-scaled.jpg]
[inspirastem.com/wp-content/uploads/2025/10/Andrea-Herrera.jpg]
[inspirastem.com/wp-content/uploads/2025/10/Paty-Ortiz.jpg]
[inspirastem.com/wp-content/uploads/2025/12/Michael-Sanche.jpg]
[inspirastem.com/wp-content/uploads/2025/10/Francisco-Zelaya.jpg]
[inspirastem.com/wp-content/uploads/2025/10/Saul-flores-scaled.jpg]
[inspirastem.com/wp-content/uploads/2025/10/Rafael-Salazar.jpg]
[inspirastem.com/equipo-2/index.html]
[inspirastem.com/wp-json/oembed/1.0/embed2876.json]
[inspirastem.com/wp-json/oembed/1.0/embed4eef]
[inspirastem.com/wp-content/uploads/2025/12/Saul-flores-1024x1024.png]
[inspirastem.com/wp-json/wp/v2/pages/2846.json]
[inspirastem.com/bioquimica/index.html]
[inspirastem.com/index689a.html]
[inspirastem.com/wp-json/oembed/1.0/embed907e.json]
[inspirastem.com/wp-json/oembed/1.0/embeda645]
[inspirastem.com/wp-content/uploads/2025/12/Michael-Sanchez-811x1024.png]
[inspirastem.com/wp-json/wp/v2/pages/2803.json]
[inspirastem.com/astrofisica/index.html]
[inspirastem.com/indexe793.html]
[inspirastem.com/wp-json/oembed/1.0/embed6d9a.json]
[inspirastem.com/wp-json/oembed/1.0/embedfebd]
[inspirastem.com/wp-json/wp/v2/pages/2704.json]
[inspirastem.com/wp-content/uploads/2025/12/Andrea-Herrera-1024x1024.png]
[inspirastem.com/ciencias-marinas/index.html]
[inspirastem.com/index8bb4.html]
[inspirastem.com/wp-json/oembed/1.0/embed01c2.json]
[inspirastem.com/wp-json/oembed/1.0/embed5b10]
[inspirastem.com/wp-content/uploads/2025/12/Francisco-Zelaya-1024x683.png]
[inspirastem.com/wp-json/wp/v2/pages/2689.json]
[inspirastem.com/redes-electricas/index.html]
[inspirastem.com/wp-json/oembed/1.0/embed5344.json]
[inspirastem.com/wp-json/wp/v2/pages/2722.json]
[inspirastem.com/wp-content/uploads/2025/12/Oscar-Tejada-Paty-Ortiz-1024x558.69.delayed]
[inspirastem.com/aeronautica/index.html]
[inspirastem.com/index841a.html]
[inspirastem.com/wp-json/oembed/1.0/embeda3b3.json]
[inspirastem.com/wp-json/oembed/1.0/embed1c80]
[inspirastem.com/wp-content/uploads/2025/12/Rafael-Salazar-1024x522.png]
[inspirastem.com/wp-json/wp/v2/pages/1137.json]
[inspirastem.com/biologia-molecular/index.html]
[inspirastem.com/wp-json/oembed/1.0/embedb9c2.json]
[inspirastem.com/index2169.html]
[inspirastem.com/wp-json/oembed/1.0/embeda3d6]
[inspirastem.com/wp-content/uploads/2025/10/Saul-flores-912x1024.jpg]
[inspirastem.com/wp-json/wp/v2/pages/2177.json]
[inspirastem.com/saul-j-flores/index.html]
[inspirastem.com/index0264.html]
[inspirastem.com/wp-json/oembed/1.0/embed8ac5.json]
[inspirastem.com/wp-json/oembed/1.0/embed7044]
[inspirastem.com/wp-content/uploads/2025/10/Andrea-Herrera-1024x1024.jpg]
[inspirastem.com/wp-json/wp/v2/pages/2172.json]
[inspirastem.com/wp-content/uploads/2025/10/ecop-1-763x1024.png]
[inspirastem.com/andrea-herrera/index.html]
[inspirastem.com/indexa50b.html]
[inspirastem.com/wp-json/oembed/1.0/embed89ac.json]
[inspirastem.com/wp-json/oembed/1.0/embed7c92]
[inspirastem.com/wp-content/uploads/2025/10/Rafael-Salazar-768x1154.jpg]
[inspirastem.com/wp-json/wp/v2/pages/2167.json]
[inspirastem.com/indexfc21.html]
[inspirastem.com/wp-content/uploads/2025/10/university-of-dundee-seeklogo-1024x343.png]
[inspirastem.com/rafael-salazar/index.html]
[inspirastem.com/wp-json/oembed/1.0/embedd708.json]
[inspirastem.com/wp-json/oembed/1.0/embedb3be]
[inspirastem.com/wp-json/wp/v2/pages/2393.json]
[inspirastem.com/wp-content/uploads/2025/10/Paty-Ortiz-768x960.jpg]
[inspirastem.com/patricia-ortiz/index.html]
[inspirastem.com/index5b45.html]
[inspirastem.com/wp-json/oembed/1.0/embed2d15.json]
[inspirastem.com/wp-json/oembed/1.0/embed92db]
[inspirastem.com/wp-content/uploads/2024/08/michael2-811x1024.png]
[inspirastem.com/wp-json/wp/v2/pages/1100.json]
[inspirastem.com/michael-sanchez/index.html]
[inspirastem.com/indexa317.html]
[inspirastem.com/wp-json/oembed/1.0/embedca66.json]
[inspirastem.com/wp-json/oembed/1.0/embed5e46]
[inspirastem.com/wp-content/uploads/2025/10/Francisco-Zelaya-768x891.jpg]
[inspirastem.com/wp-json/wp/v2/pages/2162.json]
[inspirastem.com/wp-content/uploads/2025/10/Tennessee_logo-1-1024x254.png]
[inspirastem.com/francisco-elaya/index.html]
[inspirastem.com/indexbdf7.html]
[inspirastem.com/wp-json/oembed/1.0/embeda22d.json]
[inspirastem.com/wp-json/oembed/1.0/embedd23c]
[inspirastem.com/wp-content/uploads/2025/12/WhatsApp-Image-2025-12-09-at-12.47.09-768x1024.jpg]
[inspirastem.com/wp-json/wp/v2/pages/2924.json]
[inspirastem.com/patricia-ortiz-2/index.html]
[inspirastem.com/index4e3c.html]
[inspirastem.com/wp-json/oembed/1.0/embedad1a.json]
[inspirastem.com/wp-json/oembed/1.0/embed615d]
[inspirastem.com/pasantias/index.html]
[inspirastem.com/wp-json/wp/v2/pages/3199.json]
[inspirastem.com/indexb666.html]
[inspirastem.com/proyectos-de-pasantias-de-investigacion/index.html]
[inspirastem.com/wp-json/oembed/1.0/embed0c37.json]
[inspirastem.com/wp-json/oembed/1.0/embed7669]
[inspirastem.com/wp-json/wp/v2/pages/2780.json]
[inspirastem.com/wp-content/uploads/2025/10/InspiraSTEM3-76.jpg]
[inspirastem.com/wp-content/uploads/2025/10/InspiraSTEM3-76-150x150.jpg]
[inspirastem.com/wp-content/uploads/2025/10/Inspira-STEM-Dia-2-50-scaled.jpg]
[inspirastem.com/index83ab.html]
[inspirastem.com/wp-content/uploads/2025/10/Inspira-STEM-Dia-2-50-150x150.jpg]
[inspirastem.com/wp-content/uploads/2025/10/Inspira-STEM-Dia-2-42.jpg]
[inspirastem.com/wp-content/uploads/2025/10/Inspira-STEM-Dia-2-42-150x150.jpg]
[inspirastem.com/wp-content/uploads/2025/10/Inspira-STEM-Dia-2-30.jpg]
[inspirastem.com/wp-content/uploads/2025/10/Inspira-STEM-Dia-2-30-150x150.jpg]
[inspirastem.com/wp-content/uploads/2025/10/Inspira-STEM-Dia-2-2-scaled.jpg]
[inspirastem.com/wp-content/uploads/2025/10/Inspira-STEM-Dia-2-2-150x150.jpg]
[inspirastem.com/wp-content/uploads/2025/10/Conferencia-Inspira-STEM-19-scaled.jpg]
[inspirastem.com/wp-content/uploads/2025/10/Conferencia-Inspira-STEM-19-150x150.jpg]
[inspirastem.com/wp-content/uploads/2025/10/Conferencia-Inspira-STEM-9.jpg]
[inspirastem.com/wp-content/uploads/2025/10/Conferencia-Inspira-STEM-9-150x150.jpg]
[inspirastem.com/wp-content/uploads/2025/10/Conferencia-Inspira-STEM-8.jpg]
[inspirastem.com/wp-content/uploads/2025/10/Conferencia-Inspira-STEM-8-150x150.jpg]
[inspirastem.com/wp-content/uploads/2025/10/Inspira-STEM-Dia-2-113-scaled.jpg]
[inspirastem.com/wp-content/uploads/2025/10/Inspira-STEM-Dia-2-113-150x150.jpg]
[inspirastem.com/wp-content/uploads/2025/10/Conferencia-Inspira-STEM1-26.jpg]
[inspirastem.com/wp-content/uploads/2025/10/Conferencia-Inspira-STEM1-26-150x150.jpg]
[inspirastem.com/wp-content/uploads/2025/10/Inspira-STEM-Dia-2-123.jpg]
[inspirastem.com/wp-content/uploads/2025/10/Inspira-STEM-Dia-2-123-150x150.jpg]
[inspirastem.com/wp-content/uploads/2025/10/Inspira-STEM-Dia-2-118.jpg]
[inspirastem.com/wp-content/uploads/2025/10/Inspira-STEM-Dia-2-118-150x150.jpg]
[inspirastem.com/wp-content/uploads/2025/11/Inspira-STEM-Dia-2-2-1-scaled.jpg]
[inspirastem.com/wp-content/uploads/2025/11/Inspira-STEM-Dia-2-2-1-150x150.jpg]
[inspirastem.com/wp-content/uploads/2025/11/Inspira-STEM-Dia-2-21-scaled.jpg]
[inspirastem.com/wp-content/uploads/2025/11/Inspira-STEM-Dia-2-21-150x150.jpg]
[inspirastem.com/wp-content/uploads/2025/11/Inspira-STEM-Dia-2-2-scaled.jpg]
[inspirastem.com/wp-content/uploads/2025/11/Inspira-STEM-Dia-2-2-150x150.jpg]
[inspirastem.com/wp-content/uploads/2025/11/Foto-90-scaled.jpg]
[inspirastem.com/wp-content/uploads/2025/11/Foto-90-150x150.jpg]
[inspirastem.com/wp-content/uploads/2025/11/Foto-50-scaled.jpg]
[inspirastem.com/wp-content/uploads/2025/11/Foto-50-150x150.jpg]
[inspirastem.com/wp-content/uploads/2025/11/Conferencia-Inspira-STEM1-51.jpg]
[inspirastem.com/wp-content/uploads/2025/11/Conferencia-Inspira-STEM1-51-150x150.jpg]
[inspirastem.com/wp-content/uploads/2025/11/Conferencia-Inspira-STEM1-49.jpg]
[inspirastem.com/wp-content/uploads/2025/11/Conferencia-Inspira-STEM1-49-150x150.jpg]
[inspirastem.com/wp-content/uploads/2025/11/Conferencia-Inspira-STEM1-37.jpg]
[inspirastem.com/wp-content/uploads/2025/11/Conferencia-Inspira-STEM1-37-150x150.jpg]
[inspirastem.com/wp-content/uploads/2025/11/Conferencia-Inspira-STEM1-32.jpg]
[inspirastem.com/wp-content/uploads/2025/11/Conferencia-Inspira-STEM1-32-150x150.jpg]
[inspirastem.com/wp-content/uploads/2025/11/Conferencia-Inspira-STEM1-11.jpg]
[inspirastem.com/wp-content/uploads/2025/11/Conferencia-Inspira-STEM1-11-150x150.jpg]
[inspirastem.com/wp-content/uploads/2025/11/Conferencia-Inspira-STEM-32.jpg]
[inspirastem.com/wp-content/uploads/2025/11/Conferencia-Inspira-STEM-32-150x150.jpg]
[inspirastem.com/wp-content/uploads/2025/11/Conferencia-Inspira-STEM-23.jpg]
[inspirastem.com/wp-content/uploads/2025/11/Conferencia-Inspira-STEM-23-150x150.jpg]
[inspirastem.com/wp-content/uploads/2025/11/Conferencia-Inspira-STEM-15-150x150.jpg]
[inspirastem.com/wp-content/uploads/2025/11/Conferencia-Inspira-STEM-9.jpg]
[inspirastem.com/wp-content/uploads/2025/11/Conferencia-Inspira-STEM-9-150x150.jpg]
[inspirastem.com/wp-content/uploads/2025/11/Conferencia-Inspira-STEM-4.jpg]
[inspirastem.com/wp-content/uploads/2025/11/Conferencia-Inspira-STEM-4-150x150.jpg]
[inspirastem.com/wp-content/uploads/2025/11/Conferencia-Inspira-STEM-1-1.jpg]
[inspirastem.com/wp-content/uploads/2025/11/Conferencia-Inspira-STEM-1-1-150x150.jpg]
[inspirastem.com/wp-content/uploads/2025/11/399bca5f-3b77-443f-8ad7-e7d52194da4c-1.jpg]
[inspirastem.com/wp-content/uploads/2025/11/399bca5f-3b77-443f-8ad7-e7d52194da4c-1-150x150.jpg]
[inspirastem.com/wp-content/uploads/2025/11/39bcd699-2818-4cf0-b258-4de50463deba-2.jpg]
[inspirastem.com/wp-content/uploads/2025/11/39bcd699-2818-4cf0-b258-4de50463deba-2-150x150.jpg]
[inspirastem.com/wp-content/uploads/2025/11/Inspira-STEM-Dia-2-48.jpg]
[inspirastem.com/wp-content/uploads/2025/11/Inspira-STEM-Dia-2-48-150x150.jpg]
[inspirastem.com/wp-content/uploads/2025/11/InspiraSTEM3-18.jpg]
[inspirastem.com/wp-content/uploads/2025/11/InspiraSTEM3-18-150x150.jpg]
[inspirastem.com/wp-content/uploads/2025/11/InspiraSTEM3-20.jpg]
[inspirastem.com/wp-content/uploads/2025/11/InspiraSTEM3-20-150x150.jpg]
[inspirastem.com/wp-content/plugins/elementor/assets/lib/swiper/v8/swiper.min94a4.js]
[inspirastem.com/galeria-2025-2/index.html]
[inspirastem.com/wp-json/oembed/1.0/embedfa9f.json]
[inspirastem.com/wp-json/oembed/1.0/embede558]
[inspirastem.com/wp-content/uploads/2025/07/1_campos-talleres-2-1024x341.png]
[inspirastem.com/wp-json/wp/v2/pages/1532.json]
[inspirastem.com/wp-content/uploads/2025/07/2-ponencias-2-1024x341.png]
[inspirastem.com/wp-content/uploads/2025/01/3_charlas-empreras-1024x341.png]
[inspirastem.com/wp-content/uploads/2025/01/4_sesion-posters-1024x341.png]
[inspirastem.com/wp-content/uploads/2025/01/5_seminarios-1024x341.png]
[inspirastem.com/index39ac.html]
[inspirastem.com/wp-content/uploads/2025/01/6_networking-1024x341.png]
[inspirastem.com/wp-content/uploads/2025/01/7_mentoria-1024x341.png]
[inspirastem.com/agenda/index.html]
[inspirastem.com/wp-json/oembed/1.0/embed71d0.json]
[inspirastem.com/wp-json/oembed/1.0/embed2e2f]
[inspirastem.com/wp-content/uploads/2024/08/alexalvarado-1024x1024.png]
[inspirastem.com/wp-json/wp/v2/pages/2680.json]
[inspirastem.com/index112f.html]
[inspirastem.com/wp-content/uploads/2024/09/New-Project-27-1024x1024.jpg]
[inspirastem.com/biologia-2025/index.html]
[inspirastem.com/wp-json/oembed/1.0/embed32c4.json]
[inspirastem.com/wp-json/oembed/1.0/embeda44b]
[inspirastem.com/wp-content/uploads/2024/09/New-Project-28-1024x1024.jpg]
[inspirastem.com/wp-json/wp/v2/pages/1129.json]
[inspirastem.com/wp-content/uploads/2024/09/Fernanda-1024x694.jpg]
[inspirastem.com/track-ciencia-computacional-y-analisis-de-datos/index.html]
[inspirastem.com/track-fisica/index.html]
[inspirastem.com/fernanda-sulantay-vargas/index.html]
[inspirastem.com/miguel-montalvo/index.html]
[inspirastem.com/alex-martinez/index.html]
[inspirastem.com/index6b36.html]
[inspirastem.com/wp-json/oembed/1.0/embed02b0.json]
[inspirastem.com/wp-json/oembed/1.0/embed8be9]
[inspirastem.com/wp-content/uploads/2024/08/erick-783x1024.png]
[inspirastem.com/wp-json/wp/v2/pages/1092.json]
[inspirastem.com/erick-urquilla/index.html]
[inspirastem.com/index3b75.html]
[inspirastem.com/wp-json/oembed/1.0/embede213.json]
[inspirastem.com/wp-json/oembed/1.0/embed152a]
[inspirastem.com/wp-content/uploads/2024/08/wilber-688x1024.png]
[inspirastem.com/wp-json/wp/v2/pages/1108.json]
[inspirastem.com/wilber-alexander-alvarado/index.html]
[inspirastem.com/index9fb6.html]
[inspirastem.com/wp-json/oembed/1.0/embed5f41.json]
[inspirastem.com/wp-json/oembed/1.0/embedd33e]
[inspirastem.com/wp-content/uploads/2025/11/bannerPosters.png]
[inspirastem.com/wp-json/wp/v2/pages/2055.json]
[inspirastem.com/posters/index.html]
[inspirastem.com/track-biologia/index.html]
[inspirastem.com/wp-content/uploads/elementor/css/post-298715e2.css]
[inspirastem.com/index3ae6.html]
[inspirastem.com/wp-content/uploads/elementor/css/post-284612d3.css]
[inspirastem.com/index689a.html]
[inspirastem.com/wp-content/uploads/elementor/css/post-28030f86.css]
[inspirastem.com/indexe793.html]
[inspirastem.com/wp-content/uploads/elementor/css/post-27040155.css]
[inspirastem.com/index8bb4.html]
[inspirastem.com/wp-content/uploads/elementor/css/post-2689bfbf.css]
[inspirastem.com/wp-content/uploads/elementor/css/post-272268cb.css]
[inspirastem.com/index841a.html]
[inspirastem.com/wp-content/uploads/elementor/css/post-113798b4.css]
[inspirastem.com/index2169.html]
[inspirastem.com/wp-content/uploads/elementor/css/post-217748a0.css]
[inspirastem.com/index0264.html]
[inspirastem.com/wp-content/uploads/elementor/css/post-2172e662.css]
[inspirastem.com/indexa50b.html]
[inspirastem.com/wp-content/uploads/elementor/css/post-2167f3d7.css]
[inspirastem.com/indexfc21.html]
[inspirastem.com/wp-content/uploads/elementor/css/post-23938fb0.css]
[inspirastem.com/index5b45.html]
[inspirastem.com/wp-content/uploads/elementor/css/post-11008925.css]
[inspirastem.com/indexa317.html]
[inspirastem.com/wp-content/uploads/elementor/css/post-2162b076.css]
[inspirastem.com/indexbdf7.html]
[inspirastem.com/wp-content/uploads/elementor/css/post-292424b1.css]
[inspirastem.com/index4e3c.html]
[inspirastem.com/wp-content/uploads/elementor/css/post-31994a89.css]
[inspirastem.com/indexb666.html]
[inspirastem.com/wp-json/oembed/1.0/embed3837]
[inspirastem.com/indexc63f.html]
[inspirastem.com/index8b69.html]
[inspirastem.com/wp-json/oembed/1.0/embedf4bc.json]
[inspirastem.com/wp-json/oembed/1.0/embed791c]
[inspirastem.com/proyectos-de-pasantias-de-investigacion/index.html]
[inspirastem.com/wp-content/plugins/elementor/assets/lib/swiper/v8/css/swiper.min94a4.css]
[inspirastem.com/wp-content/plugins/elementor/assets/css/conditionals/e-swiper.min631d.css]
[inspirastem.com/wp-content/plugins/elementor/assets/css/widget-image-gallery.min631d.css]
[inspirastem.com/wp-content/uploads/elementor/css/post-2780d401.css]
[inspirastem.com/index83ab.html]
[inspirastem.com/wp-content/uploads/2025/11/bannerPosters.svg]
[inspirastem.com/wp-content/uploads/elementor/css/post-15320d5c.css]
[inspirastem.com/index39ac.html]
[inspirastem.com/wp-content/uploads/elementor/css/post-26807e5c.css]
[inspirastem.com/index112f.html]
[inspirastem.com/wp-content/uploads/elementor/css/post-1129237c.css]
[inspirastem.com/index6b36.html]
[inspirastem.com/wp-content/uploads/2025/11/Conferencia-Inspira-STEM-15.jpg]
[inspirastem.com/wp-json/wp/v2/pages/3229.json]
[inspirastem.com/index91a1.html]
[inspirastem.com/wp-json/oembed/1.0/embed32d5.json]
[inspirastem.com/wp-json/oembed/1.0/embed224c]
[inspirastem.com/wp-content/uploads/2024/09/Miguel-1024x576.png]
[inspirastem.com/wp-json/wp/v2/pages/1120.json]
[inspirastem.com/index820a.html]
[inspirastem.com/wp-content/uploads/2024/09/erick.png]
[inspirastem.com/track-fisica/index.html]
[inspirastem.com/wp-json/oembed/1.0/embeda2d5.json]
[inspirastem.com/wp-json/oembed/1.0/embed0edd]
[inspirastem.com/wp-content/uploads/2024/08/fernanda2-723x1024.png]
[inspirastem.com/wp-json/wp/v2/pages/990.json]
[inspirastem.com/fernanda-sulantay-vargas/index.html]
[inspirastem.com/index4b26.html]
[inspirastem.com/wp-json/oembed/1.0/embed0073.json]
[inspirastem.com/wp-json/oembed/1.0/embedea30]
[inspirastem.com/wp-content/uploads/2024/08/miguel-736x1024.png]
[inspirastem.com/wp-json/wp/v2/pages/1069.json]
[inspirastem.com/miguel-montalvo/index.html]
[inspirastem.com/index9fb4.html]
[inspirastem.com/wp-json/oembed/1.0/embeda210.json]
[inspirastem.com/wp-json/oembed/1.0/embed7b1e]
[inspirastem.com/wp-content/uploads/2024/08/alexandra-1-756x1024.png]
[inspirastem.com/wp-json/wp/v2/pages/1084.json]
[inspirastem.com/alex-martinez/index.html]
[inspirastem.com/wp-content/uploads/elementor/css/post-109258f2.css]
[inspirastem.com/index3b75.html]
[inspirastem.com/wp-content/uploads/elementor/css/post-11088571.css]
[inspirastem.com/index9fb6.html]
[inspirastem.com/wp-content/uploads/elementor/css/post-2055ece5.css]
[inspirastem.com/indexc63f.html]
[inspirastem.com/index8b69.html]
[inspirastem.com/wp-content/uploads/elementor/css/post-32298aff.css]
[inspirastem.com/index91a1.html]
[inspirastem.com/wp-content/uploads/elementor/css/post-11200fc2.css]
[inspirastem.com/index820a.html]
[inspirastem.com/wp-content/uploads/elementor/css/post-9905bb5.css]
[inspirastem.com/index4b26.html]
[inspirastem.com/wp-content/uploads/elementor/css/post-106962cf.css]
[inspirastem.com/index9fb4.html]
[inspirastem.com/wp-content/uploads/elementor/css/post-108449b9.css]
[inspirastem.com/index8e49.html]
[inspirastem.com/index8e49.html]
